Start test
jsongo loaded
WebViewToo loaded
Dark_Menu loaded
Dark_MsgBox loaded
Start test
jsongo loaded
WebViewToo loaded
Dark_Menu loaded
Dark_MsgBox loaded
Start test
jsongo loaded
WebViewToo loaded
Dark_Menu loaded
Dark_MsgBox loaded
